[www.pedders.com.au/product/pedders-rubber-bush-540017.html]
[backblue.gif]
[fade.gif]
[index.html]
[www.pedders.com.au/static/version1719973422/frontend/Ose/Responsive/en_AU/mage/calendar.min.css]
[www.pedders.com.au/static/version1719973422/frontend/Ose/Responsive/en_AU/css/styles-m.min.css]
[www.pedders.com.au/static/version1719973422/frontend/Ose/Responsive/en_AU/Amasty_Customform/css/form-builder.min.css]
[www.pedders.com.au/static/version1719973422/frontend/Ose/Responsive/en_AU/Amasty_Customform/css/form-render.min.css]
[www.pedders.com.au/static/version1719973422/frontend/Ose/Responsive/en_AU/Amasty_LibSwiperJs/vendor/swiper/swiper.min.css]
[www.pedders.com.au/static/version1719973422/frontend/Ose/Responsive/en_AU/Amasty_Storelocator/vendor/chosen/chosen.min.css]
[www.pedders.com.au/static/version1719973422/frontend/Ose/Responsive/en_AU/mage/gallery/gallery.min.css]
[www.pedders.com.au/static/version1719973422/frontend/Ose/Responsive/en_AU/Unbxd_SearchJs/css/autosuggest.min.css]
[www.pedders.com.au/static/version1719973422/frontend/Ose/Responsive/en_AU/css/styles-l.min.css]
[www.pedders.com.au/static/version1719973422/frontend/Ose/Responsive/en_AU/css/print.min.css]
[www.pedders.com.au/static/version1719973422/frontend/Ose/Responsive/en_AU/css/app.min.css]
[www.pedders.com.au/static/version1719973422/frontend/Ose/Responsive/en_AU/requirejs/require.min.js]
[www.pedders.com.au/static/version1719973422/frontend/Ose/Responsive/en_AU/Magento_QuickCheckout/js/disabled.min.js]
[www.pedders.com.au/static/version1719973422/frontend/Ose/Responsive/en_AU/requirejs-min-resolver.min.js]
[www.pedders.com.au/static/version1719973422/frontend/Ose/Responsive/en_AU/mage/requirejs/mixins.min.js]
[www.pedders.com.au/static/version1719973422/frontend/Ose/Responsive/en_AU/requirejs-config.min.js]
[www.pedders.com.au/media/favicon/stores/1/pedders_favicon.png]
[www.pedders.com.au/media/wysiwyg/icons/icon-mobile.png]
[www.pedders.com.au/media/wysiwyg/Check-part-img_1.png]
[www.pedders.com.au/media/catalog/product/5/4/540017700a.jpg]
[www.pedders.com.au/media/wysiwyg/pedders-footer-image.png]
[www.pedders.com.au/media/wysiwyg/ISO-9001-CMYK-279x300-_2_.jpg]
[www.pedders.com.au/media/wysiwyg/ISO-9001-CMYK-279x300-_2_-mob-2.jpg]
[www.pedders.com.au/product/pedders-rubber-bush-540017.html]
[www.pedders.com.au/product/https.html]
[www.pedders.com.au/product/e,location.html]
[www.pedders.com.au/static/version1719973422/frontend/Ose/Responsive/en_AU/mage/calendar.min.css]
[www.pedders.com.au/static/version1719973422/frontend/Ose/Responsive/en_AU/images/loader-2.gif]
[www.pedders.com.au/static/version1719973422/frontend/Ose/Responsive/en_AU/Magento_Company/images/icon-tree.png]
[www.pedders.com.au/static/version1719973422/frontend/Ose/Responsive/en_AU/Magento_QuickCheckout/images/logo-bolt.png]
[www.pedders.com.au/static/version1719973422/frontend/Ose/Responsive/en_AU/Amasty_Blog/images/ajax-loader.gif]
[www.pedders.com.au/static/version1719973422/frontend/Ose/Responsive/en_AU/Magento_ProductVideo/img/gallery-sprite.png]
[www.pedders.com.au/static/version1719973422/frontend/Ose/Responsive/en_AU/css/styles-m.min.css]
[www.pedders.com.au/static/version1719973422/frontend/Ose/Responsive/en_AU/Amasty_Customform/css/form-builder.min.css]
[www.pedders.com.au/static/version1719973422/frontend/Ose/Responsive/en_AU/Amasty_Customform/css/form-render.min.css]
[www.pedders.com.au/static/version1719973422/frontend/Ose/Responsive/en_AU/Amasty_LibSwiperJs/vendor/swiper/swiper.min.css]
[www.pedders.com.au/static/version1719973422/frontend/Ose/Responsive/en_AU/Amasty_Storelocator/vendor/chosen/chosen-sprite.png]
[www.pedders.com.au/static/version1719973422/frontend/Ose/Responsive/en_AU/Amasty_Storelocator/vendor/chosen/chosen.min.css]
[www.pedders.com.au/static/version1719973422/frontend/Ose/Responsive/en_AU/Amasty_Storelocator/vendor/chosen/chosen-sprite@2x.png]
[www.pedders.com.au/static/version1719973422/frontend/Ose/Responsive/en_AU/mage/gallery/gallery.png]
[www.pedders.com.au/static/version1719973422/frontend/Ose/Responsive/en_AU/mage/gallery/gallery.min.css]
[www.pedders.com.au/static/version1719973422/frontend/Ose/Responsive/en_AU/images/loader-1.gif]
[www.pedders.com.au/static/version1719973422/frontend/Ose/Responsive/en_AU/Unbxd_SearchJs/css/autosuggest.min.css]
[www.pedders.com.au/static/version1719973422/frontend/Ose/Responsive/en_AU/css/styles-l.min.css]
[www.pedders.com.au/static/version1719973422/frontend/Ose/Responsive/en_AU/css/print.min.css]
[www.pedders.com.au/static/version1719973422/frontend/Ose/Responsive/en_AU/images/product-image-scaled.png]
[www.pedders.com.au/static/version1719973422/frontend/Ose/Responsive/en_AU/css/app.min.css]
[www.pedders.com.au/product/smv_668f7bdd31887_registration_form_content.html]
[www.pedders.com.au/product/smv_668f7bdd31887_make_model_form_content.html]
